1337:SELECT count(dimensionCol2) FROM FOO WHERE dimensionCol1 = 18616904 AND timestamp BETWEEN 1560988800000 AND 1568764800000 GROUP BY dimensionCol3 TOP 2500
3772:SELECT count(dimensionCol2) FROM FOO WHERE dimensionCol1 = 18616904 AND timestamp BETWEEN 1560988800000 AND 1568764800000 GROUP BY dimensionCol3 TOP 2500
6304:SELECT count(dimensionCol2) FROM FOO WHERE dimensionCol1 = 18616904 AND timestamp BETWEEN 1545436800000 AND 1553212800000 GROUP BY dimensionCol3 TOP 2500
8734:SELECT count(dimensionCol2) FROM FOO WHERE dimensionCol1 = 18616904 AND timestamp BETWEEN 1537228800000 AND 1537660800000 GROUP BY dimensionCol3 TOP 2500
10086:SELECT count(dimensionCol2) FROM FOO WHERE dimensionCol1 = 18616904 AND timestamp BETWEEN 1553212800000 AND 1560988800000 GROUP BY dimensionCol3 TOP 2500
11368:SELECT count(dimensionCol2) FROM FOO WHERE dimensionCol1 = 18616904 AND timestamp BETWEEN 1560988800000 AND 1568764800000 GROUP BY dimensionCol3 TOP 2500
13854:SELECT count(dimensionCol2) FROM FOO WHERE dimensionCol1 = 18616904 AND timestamp BETWEEN 1553212800000 AND 1560988800000 GROUP BY dimensionCol3 TOP 2500
17645:SELECT count(dimensionCol2) FROM FOO WHERE dimensionCol1 = 615935005 AND timestamp BETWEEN 1567994861229 AND 1568599661229 GROUP BY dimensionCol3 TOP 2500
17648:SELECT count(dimensionCol2) FROM FOO WHERE dimensionCol1 = 18616904 AND timestamp BETWEEN 1560988800000 AND 1568764800000 GROUP BY dimensionCol3 TOP 2500
21478:SELECT count(dimensionCol2) FROM FOO WHERE dimensionCol1 = 18616904 AND timestamp BETWEEN 1537660800000 AND 1545436800000 GROUP BY dimensionCol3 TOP 2500
22614:SELECT count(dimensionCol2) FROM FOO WHERE dimensionCol1 = 18616904 AND timestamp BETWEEN 1537228800000 AND 1537660800000 GROUP BY dimensionCol3 TOP 2500
22709:SELECT count(dimensionCol2) FROM FOO WHERE dimensionCol1 = 18616904 AND timestamp BETWEEN 1560988800000 AND 1568764800000 GROUP BY dimensionCol3 TOP 2500
24002:SELECT count(dimensionCol2) FROM FOO WHERE dimensionCol1 = 615935005 AND timestamp BETWEEN 1568000264719 AND 1568605064719 GROUP BY dimensionCol3 TOP 2500
24003:SELECT count(dimensionCol2) FROM FOO WHERE dimensionCol1 = 615935005 AND timestamp BETWEEN 1568002075691 AND 1568606875691 GROUP BY dimensionCol3 TOP 2500
24009:SELECT count(dimensionCol2) FROM FOO WHERE dimensionCol1 = 615935005 AND timestamp BETWEEN 1568005692218 AND 1568610492218 GROUP BY dimensionCol3 TOP 2500
24014:SELECT count(dimensionCol2) FROM FOO WHERE dimensionCol1 = 615935005 AND timestamp BETWEEN 1568007435838 AND 1568612235838 GROUP BY dimensionCol3 TOP 2500
24053:SELECT count(dimensionCol2) FROM FOO WHERE dimensionCol1 = 284151902 AND timestamp BETWEEN 1545436800000 AND 1553212800000 GROUP BY dimensionCol3 TOP 2500
24064:SELECT count(dimensionCol2) FROM FOO WHERE dimensionCol1 = 284151902 AND timestamp BETWEEN 1537660800000 AND 1545436800000 GROUP BY dimensionCol3 TOP 2500
24076:SELECT count(dimensionCol2) FROM FOO WHERE dimensionCol1 = 615935005 AND timestamp BETWEEN 1568014369602 AND 1568619169602 GROUP BY dimensionCol3 TOP 2500
24080:SELECT count(dimensionCol2) FROM FOO WHERE dimensionCol1 = 615935005 AND timestamp BETWEEN 1568018265739 AND 1568623065739 GROUP BY dimensionCol3 TOP 2500
24092:SELECT count(dimensionCol2) FROM FOO WHERE dimensionCol1 = 615935005 AND timestamp BETWEEN 1568025441644 AND 1568630241644 GROUP BY dimensionCol3 TOP 2500
24105:SELECT count(dimensionCol2) FROM FOO WHERE dimensionCol1 = 349411209 AND timestamp BETWEEN 1560988800000 AND 1568764800000 GROUP BY dimensionCol3 TOP 2500
24127:SELECT count(dimensionCol2) FROM FOO WHERE dimensionCol1 = 615935005 AND timestamp BETWEEN 1568028778297 AND 1568633578297 GROUP BY dimensionCol3 TOP 2500
24137:SELECT count(dimensionCol2) FROM FOO WHERE dimensionCol1 = 615935005 AND timestamp BETWEEN 1568037745454 AND 1568642545454 GROUP BY dimensionCol3 TOP 2500
24143:SELECT count(dimensionCol2) FROM FOO WHERE dimensionCol1 = 615935005 AND timestamp BETWEEN 1568043434260 AND 1568648234260 GROUP BY dimensionCol3 TOP 2500
24148:SELECT count(dimensionCol2) FROM FOO WHERE dimensionCol1 = 615935005 AND timestamp BETWEEN 1568047064503 AND 1568651864503 GROUP BY dimensionCol3 TOP 2500